全量本地大分类数: 137
[1/137] === 0P0AJees ===
  OK zqZK3fgQ (多多视频-带货数据) imgs=3
大分类 0P0AJees: 子指令 1 篇, 本次新增 1
[2/137] === 0aiMC2AD ===
  OK 1W87phny (发送消息) imgs=1
大分类 0aiMC2AD: 子指令 1 篇, 本次新增 1
[3/137] === 1KkfZwRO ===
  OK lVD0tyGx (数据中心_时间选择) imgs=4
  OK zZSKr5u2 (发货管理_时间选择) imgs=4
  OK rUOOt7iP (评价管理_时间选择) imgs=4
大分类 1KkfZwRO: 子指令 3 篇, 本次新增 3
[4/137] === 1Mx3hPN3 ===
  OK g5bx1GmP (发票验真接口) imgs=17
大分类 1Mx3hPN3: 子指令 1 篇, 本次新增 1
[5/137] === 1p4v2d7C ===
  OK QcPPgaw1 (商家中心-数据分析-前N件高佣报表下载) imgs=2
  OK 04LzI7xN (商家中心-数据分析-内容招商报表下载) imgs=2
  OK fAxfrUKs (商家中心-数据分析-一淘活动报表下载) imgs=2
  OK 8DP5Hvyd (商家中心-数据分析-定向计划报表下载) imgs=2
  OK ruxuQkTG (商家中心-数据分析-营销计划整体报表下载) imgs=3
  OK JQkC6V6K (商家中心-数据分析-营销计划日常报表下载) imgs=3
  OK P9zFTTuu (商家中心-数据分析-通用计划报表下载) imgs=3
  OK and150U6 (商家中心-数据分析-推广概览-汇总数据获取) imgs=2
  OK N5u64seU (商家中心-数据分析-类目分析报表下载) imgs=2
  OK vlfZzYE7 (商家中心-数据分析-自选计划报表下载) imgs=3
  OK K5Rz2TnO (商家中心-数据分析-普通招商报表下载) imgs=3
  OK 2KtaBMcR (商家中心-数据分析-超级U选报表下载) imgs=2
大分类 1p4v2d7C: 子指令 12 篇, 本次新增 12
[6/137] === 1u00DG7N ===
  OK rdFR5wPu (交易-明细下载) imgs=7
  OK 0BhJ8isV (交易-概况下载) imgs=4
大分类 1u00DG7N: 子指令 2 篇, 本次新增 2
[7/137] === 2OceBTsN ===
  OK I9d0aMUC (推送通知到微信（PushPlus）) imgs=4
  OK rEb2eMwu (推送通知到 iOS（Bark）) imgs=2
大分类 2OceBTsN: 子指令 2 篇, 本次新增 2
[8/137] === 33yICBTY ===
  OK gWWcjB1O (实时-实时总览数据获取) imgs=3
大分类 33yICBTY: 子指令 1 篇, 本次新增 1
[9/137] === 3Mfzm9Dm ===
  OK B4xy3XGl (获取所有的进程) imgs=0
大分类 3Mfzm9Dm: 子指令 1 篇, 本次新增 1
[10/137] === 3Yl16hhX ===
  OK aK9NFwga (PDF转Word) imgs=1
  OK oK8RZkJk (PDF转Excel) imgs=1
  OK DP0B1di2 (Excel转PDF) imgs=1
  OK 7HImsXSn (Word转PDF) imgs=1
  OK SfNI5YCh (提取PDF指定区域文字) imgs=6
大分类 3Yl16hhX: 子指令 5 篇, 本次新增 5
[11/137] === 3fuFVrzV ===
  OK makxBXXa (品销宝-报表-品牌首推报表下载) imgs=3
  OK 0UP4gEBC (品销宝-报表-明星单品报表下载) imgs=3
  OK 3CStp4Tn (品销宝-报表-明星店铺报表下载) imgs=3
  OK FbCxvMoG (品销宝-报表-品牌专区报表下载) imgs=3
  OK 9RUuIwWP (品销宝-账户-账户明细-财务记录下载) imgs=5
大分类 3fuFVrzV: 子指令 5 篇, 本次新增 5
[12/137] === 3ieiMG37 ===
  OK AXu7FWaz (批量插入数据) imgs=2
  OK XExBPkwv (执行SQL语句) imgs=1
  OK KMllhfDa (导出数据到文件) imgs=1
  OK 96M28weZ (查询数据) imgs=2
  OK SOJzbdBf (创建Sqlite数据库) imgs=1
大分类 3ieiMG37: 子指令 5 篇, 本次新增 5
[13/137] === 3xcMJEn2 ===
  OK y6xaPMTZ (gpt-image-2-1K（单参考图+提示词列表快速版）) imgs=0
  OK mzURBQl5 (gpt-image-2-2K（单参考图+提示词列表快速版）) imgs=0
大分类 3xcMJEn2: 子指令 2 篇, 本次新增 2
[14/137] === 4idwqdY1 ===
  OK lXZmp9Cz (淘宝mini登录) imgs=1
大分类 4idwqdY1: 子指令 1 篇, 本次新增 1
[15/137] === 53yEcCdf ===
  OK hEu2eeUO (数据表格去重) imgs=3
  OK D5brtCyg (数据表格-数据排序) imgs=2
  OK jUBZNbEB (选择指定列数据) imgs=2
大分类 53yEcCdf: 子指令 3 篇, 本次新增 3
[16/137] === 5BrGFFx8 ===
  OK 1PchMg7E (淘宝登录) imgs=2
大分类 5BrGFFx8: 子指令 1 篇, 本次新增 1
[17/137] === 6958FmJ9 ===
  OK O7HLsyQV (亚马逊-广告-切换语言) imgs=2
  OK mapn0rKW (亚马逊-广告-切换货币) imgs=2
  OK DnggJFFQ (亚马逊-广告-导出时间选择) imgs=3
  OK kbN68SBM (亚马逊-广告-下载明细) imgs=5
大分类 6958FmJ9: 子指令 4 篇, 本次新增 4
[18/137] === 6al1zLV3 ===
  OK CKZkncoA (内容-订阅分析-整体概况数据获取) imgs=3
  OK dPENNv3G (内容-逛逛分析-单条效果数据获取) imgs=4
  OK u7A2lI8z (内容-逛逛分析-整体概况数据获取) imgs=4
  OK JvYkK7kh (内容-头图视频-整体概况数据获取) imgs=3
  OK GZ5Hwo8C (内容-订阅分析-单条效果数据获取) imgs=3
  OK 7XETvlUQ (内容-推荐分析-整体概况数据获取) imgs=4
  OK H87G01gc (内容-订阅分析-用户分析数据获取) imgs=3
  OK Y5AWN268 (内容-内容概况-内容全局表现数据获取) imgs=2
大分类 6al1zLV3: 子指令 8 篇, 本次新增 8
[19/137] === 6gIhBk4t ===
  OK guVHpsdb (删除数据表) imgs=2
  OK Z3kwb5Zd (获取多行记录) imgs=2
  OK 2AfEnfCx (删除字段) imgs=1
  OK bgEpzZpi (更新数据表) imgs=1
  OK RYJegiGS (获取数据表) imgs=2
  OK 84bIjR5o (获取多行记录（分页）) imgs=2
  OK 3f3OA0o8 (新增多行记录) imgs=2
  OK wEQ8pG6c (获取所有字段) imgs=2
  OK HYtglObF (创建数据表) imgs=7
  OK 5ceHTd6e (新增记录) imgs=2
  OK BCokmIQ8 (新增字段) imgs=2
  OK StcKIASE (获取记录) imgs=3
  OK v9TNY7eE (更新多行记录) imgs=3
  OK BEhfXBhB (删除多条记录) imgs=2
  OK H8L4VXlA (获取所有数据表) imgs=2
  OK h7Y8aYmb (更新字段) imgs=2
  OK Ykscn6mu (获取access_token) imgs=1
    [img FAIL] CqLnH6OV-04.png: HTTP Error 400: Bad Request
  OK CqLnH6OV (上传附件) imgs=4
大分类 6gIhBk4t: 子指令 18 篇, 本次新增 18
[20/137] === 78ZRQqZn ===
  OK kcz1eN97 (拼多多登录) imgs=3
大分类 78ZRQqZn: 子指令 1 篇, 本次新增 1
[21/137] === 7azccbR1 ===
  OK V7tTRc07 (千牛-打开接代中心(win)) imgs=3
  OK m3LvqFQG (千牛-登录(win)) imgs=4
  OK XW3mC7dW (千牛-客户端发消息(win)) imgs=4
  OK IhjKDzhH (千牛-设置接代中心状态(win)) imgs=4
  OK M4BVlWpx (千牛-聊天记录获取(win)) imgs=4
  OK gBq7k2HD (千牛-获取当前登录用户(win)) imgs=3
大分类 7azccbR1: 子指令 6 篇, 本次新增 6
[22/137] === 8m0H51QT ===
  OK fhgvTU9C (京速推-数据报表-账户报表-账户总览) imgs=8
  OK rwkWkyfZ (京速推-数据报表-账户报表-商品总览) imgs=8
  OK XHkpgjTx (京速推-数据报表-账户报表-品类总览) imgs=8
  OK VD9lhhH6 (京速推-数据报表-账户报表-计划总览) imgs=8
大分类 8m0H51QT: 子指令 4 篇, 本次新增 4
[23/137] === 9UYlV3Zl ===
  OK lY0yXhRP (商品-商品概况) imgs=2
  OK 8LJOFubZ (商品-商品明细) imgs=3
大分类 9UYlV3Zl: 子指令 2 篇, 本次新增 2
[24/137] === 9a2FdLks ===
  OK fHI0ayOJ (亚马逊-卖家中心-切换语言) imgs=2
  OK Dbz9ZB2J (亚马逊-卖家中心-导出-所有订单) imgs=2
  OK o0CbH5RM (亚马逊-卖家中心-导出-未发货订单) imgs=2
  OK Rr3zo6pF (亚马逊-卖家中心-导出-新订单) imgs=2
大分类 9a2FdLks: 子指令 4 篇, 本次新增 4
[25/137] === AJpKshiX ===
  OK CiZ9lPTK (关闭 PSD 文件) imgs=3
  OK jlYL7sT0 (另存为 PSD 文件) imgs=2
  OK 3ZaOW3cC (获取激活的 PS 对象) imgs=2
  OK VVLjK3bw (删除图层) imgs=2
  OK E0LXe2mU (获取所有图层名) imgs=2
  OK xmh22llq (显示隐藏图层) imgs=3
  OK G7wmugTb (激活图层) imgs=2
  OK NmSvtSD9 (获取图层文字) imgs=2
  OK nF0cFveu (编辑智能对象) imgs=2
  OK S1vKwdrr (重命名图层) imgs=2
  OK 2MT9Xo8k (替换图层图片(自动缩放)) imgs=2
  OK Tkm2ZFpW (激活文档) imgs=2
  OK RCDYGLzy (修改颜色填充图层) imgs=3
  OK XpveZxB8 (修改图层文字) imgs=2
  OK Z2YoVHM7 (添加图片图层) imgs=2
  OK p6np356C (导出为图片) imgs=2
  OK HbzC0i1s (打开PSD文件) imgs=2
  OK 1RpokBz8 (获取图层所属组) imgs=2
  OK ZroSsgwc (获取图层字体信息) imgs=2
  OK lWw9EZeD (设置形状图层描边) imgs=2
  OK CE3MJKfb (导出图层为PNG) imgs=2
  OK nOPIoMxc (内容识别填充) imgs=0
  OK Z1SPbthJ (替换图层图片) imgs=2
大分类 AJpKshiX: 子指令 23 篇, 本次新增 23
[26/137] === Aj968baR ===
  OK 44GptxKU (获取开放平台凭证) imgs=8
  OK eytyMRGc (发送本地文件到指定群) imgs=2
  OK OXVhqyp9 (发送带文件的机器人群消息) imgs=2
  OK agHABx8m (发送本地文件到指定用户) imgs=2
  OK NMaRfMcx (根据手机号码获取用户Id) imgs=1
  OK 08cSSmb0 (上传文件到钉钉文件存储) imgs=2
  OK pzbpMR1g (创建钉钉存储文件夹) imgs=2
  OK ZkVRcUJT (获取用户详情信息) imgs=0
  OK SgXWTbkM (查询用户Id) imgs=1
  OK RA7Gc8UG (获取文件的打开链接) imgs=0
  OK doFNEAFb (获取空间列表) imgs=2
  OK QyYfH437 (获取钉钉存储的文件或文件夹列表) imgs=3
  OK DPeqsPOF (获取文件缩略图链接) imgs=1
  OK Ao0vuQz5 (获取指定文件或文件夹ID) imgs=2
大分类 Aj968baR: 子指令 14 篇, 本次新增 14
[27/137] === BRCuvdq6 ===
  OK SJAnCJIS (shein-已完成结算收入--账单下载(半托)) imgs=4
  OK gdPDb3fs (shein-在途订单--账单下载(半托)) imgs=4
  OK 9JMPk0V0 (shein-商品-备货信息报表导出) imgs=3
  OK EbHD1tde (shein-财务-商家钱包数据采集(半托)) imgs=2
  OK uhiDZ0xg (shein-订单-订单列表导出) imgs=3
  OK DeFZW3Ws (shein-待结算收入--账单下载(半托)) imgs=3
  OK 81sd6LUd (shein-商品管理-商品列表数据采集) imgs=3
  OK DTtIOI74 (Shein-数据-商品分析-商品明细数据采集(半托)) imgs=3
大分类 BRCuvdq6: 子指令 8 篇, 本次新增 8
[28/137] === CN8Zsocz ===
  OK qN74zbeJ (数据中心-交易数据-交易概况-数据总览) imgs=1
  OK 6e9O2b54 (数据中心-流量数据-流量看板-统计时间) imgs=1
  OK F5khO0FK (数据中心-服务数据-客服数据-客服服务数据) imgs=1
  OK I61bnn2P (数据中心-服务数据-售后数据-整体情况) imgs=1
  OK v69W9x2f (数据中心-服务数据-星级领航员-维度指标表现明细) imgs=1
  OK vGlE5NG7 (数据中心-服务数据-消费者体验指标-消费者服务体验分) imgs=1
  OK 6HHyhOzJ (数据中心-商品数据-商品概况-统计数据) imgs=1
  OK ZLe3Ij84 (数据中心-服务数据-售后数据-TOP退款商品(近30天)) imgs=1
大分类 CN8Zsocz: 子指令 8 篇, 本次新增 8
[29/137] === CXxsV3PC ===
  OK AB6PBbxM (获取一条弹幕) imgs=1
  OK coQHxk82 (结束弹幕监听) imgs=1
  OK OTvDkNrq (开启弹幕监听) imgs=2
大分类 CXxsV3PC: 子指令 3 篇, 本次新增 3
[30/137] === Ceg9LU3P ===
  OK CwiBOK70 (打开紫鸟浏览器进入管理系统) imgs=1
大分类 Ceg9LU3P: 子指令 1 篇, 本次新增 1
[31/137] === DtZSARDl ===
  OK aDAhBBjg (获取记录详情) imgs=0
  OK DEZJr1Wl (通过授权码获取授权对象) imgs=0
  OK CslF41yY (修改记录) imgs=0
  OK 5tWC4MKm (增加记录) imgs=0
大分类 DtZSARDl: 子指令 4 篇, 本次新增 4
[32/137] === EkSERr7c ===
  OK 9d9KlPU9 (随机原坐标) imgs=2
大分类 EkSERr7c: 子指令 1 篇, 本次新增 1
[33/137] === EyBKMzyg ===
  OK ctG4aLlH (竞争-竞店概况-核心指标) imgs=8
  OK cnzQRAJF (竞争-竞品概况) imgs=10
  OK jLwEXBmg (竞争-竞争流失) imgs=9
  OK aVBY54rM (竞争-竞店概况-时间选择) imgs=1
  OK 7LRJDCq8 (竞争-竞争流失-时间选择) imgs=3
  OK JnCkLqK3 (竞争-竞品概况-时间选择) imgs=1
大分类 EyBKMzyg: 子指令 6 篇, 本次新增 6
[34/137] === FBcnoIEg ===
  OK l3u6Hnbz (市场-竞争监控-监控看板-竞品列表) imgs=3
  OK ftdhSym4 (市场-竞品分析-竞品流失) imgs=3
  OK zFZpQ8VE (市场-类目挖掘-看需求供给比-分析明细) imgs=3
  OK f7BZEGpG (市场-类目洞察-价格分析-分析明细) imgs=3
  OK 9I0mnV1Q (市场-类目洞察-属性分析-分析明细) imgs=3
  OK ULbHyKp0 (市场-类目挖掘-看成交单量-分析明细) imgs=3
  OK eDtcmi7x (市场-市场排行-内容) imgs=2
  OK ks72zIyu (市场-类目挖掘-看成交金额-分析明细) imgs=3
  OK WysPeVtU (市场-竞争监控-监控看板-竞店列表) imgs=3
大分类 FBcnoIEg: 子指令 9 篇, 本次新增 9
[35/137] === FixuP4np ===
  OK 0Eg2Zkq6 (生意参谋_市场_搜索排行) imgs=1
  OK RiJ2Afos (生意参谋_市场_竞店分析_来源分析_入店来源（旧版）) imgs=1
  OK jR6h63Ng (生意参谋_市场_竞店分析_来源分析_入店搜索词（旧版）) imgs=1
  OK eivtiwTN (生意参谋_市场_竞店分析_销售分析_TOP商品榜) imgs=1
大分类 FixuP4np: 子指令 4 篇, 本次新增 4
[36/137] === GBfovRGB ===
  OK 8gLOIOFF (商品-商品明细-SPU) imgs=10
  OK smr6A3ts (商品-商品明细-SKU) imgs=10
  OK OCKTaR2N (商品-商品概况) imgs=7
  OK CCn7wzdI (商品-商品概况-时间选择) imgs=1
  OK Ub7xF3BT (商品-商品明细-时间选择) imgs=1
大分类 GBfovRGB: 子指令 5 篇, 本次新增 5
[37/137] === GryXohUi ===
  OK dUmQLyPV (全站营销-商品突围器-计划报表) imgs=8
大分类 GryXohUi: 子指令 1 篇, 本次新增 1
[38/137] === Hvnysjje ===
  OK svRPq7E4 (流量-关键词分析) imgs=2
  OK aDVgATmg (流量—对比下载) imgs=2
  OK y7BfWSO9 (流量-流量概况) imgs=2
  OK tSyTPkEH (流量—去向下载) imgs=2
  OK Y42UPbkc (流量—来源下载) imgs=2
  OK 2EcUuJAp (流量—推荐概览) imgs=2
大分类 Hvnysjje: 子指令 6 篇, 本次新增 6
[39/137] === IPzFl8Q0 ===
  OK kta5bckk (初始化-获取access_token) imgs=3
  OK YCSmkjAf (成员管理-邀请成员) imgs=3
  OK Nh9diM0S (邮箱获取userid) imgs=2
  OK wf6RaymZ (客户管理-批量获取客户详情) imgs=2
  OK sr8TRZ13 (消息推送-创建群聊会话) imgs=2
  OK e7LJv4a5 (成员管理-读取成员) imgs=3
  OK jluwEFEU (获取子部门ID列表) imgs=2
  OK 7XMry8Dx (消息推送-应用推送消息) imgs=2
  OK JLJaV9Ja (客户管理-获取客户详情) imgs=2
  OK zTbfodbl (部门管理-获取部门列表) imgs=2
  OK IMePrQLC (成员管理-创建成员) imgs=2
  OK F7h8wA2Z (成员管理-手机号获取userid) imgs=2
  OK AM1s3T07 (成员管理-获取成员ID列表) imgs=2
  OK U0TajuFD (群管理-获取客户群信息) imgs=2
  OK I6HkSM1R (客户管理-修改客户备注信息) imgs=2
  OK a3gVeadD (群管理-opengid转换) imgs=2
  OK pwAwFvwf (成员管理-获取部门成员) imgs=2
  OK cCMfP2OI (客户管理-获取客户列表) imgs=3
  OK jUCJmUXi (成员管理-更新成员) imgs=2
  OK r9NLqc5N (消息推送-获取群聊会话) imgs=2
  OK kyEzyNoc (消息推送-修改群聊会话) imgs=2
  OK ThnO5K3W (获取临时素材media_id) imgs=2
  OK NKFLZZqz (获取企业微信接口IP段) imgs=2
  OK 5GSbTKRZ (群管理-获取客户群ID列表) imgs=2
  OK EJuL9FMx (获取文件信息) imgs=2
  OK OlFJbIdF (获取文件列表) imgs=2
  OK ytbpHisR (删除文件) imgs=2
  OK 0xGRvE2m (上传文件) imgs=1
  OK 3Nr9iiMP (下载文件) imgs=1
  OK x3FsF9lQ (新建文件夹文档) imgs=2
  OK S077knPf (新建空间) imgs=3
  OK z7nCypcj (重命名文件) imgs=2
大分类 IPzFl8Q0: 子指令 32 篇, 本次新增 32
[40/137] === JB70O3jQ ===
  OK MoAChBIR (上传图片) imgs=2
  OK q87PEzn8 (删除子表) imgs=2
  OK JvyTKnXv (建立智能表格连接) imgs=5
  OK hiPizt6s (查询记录) imgs=2
  OK 100KPBq1 (添加子表) imgs=2
  OK HA3D3xK5 (查询字段) imgs=2
  OK Rcfo0sRB (查询视图) imgs=2
  OK obYtqEpP (删除智能表格) imgs=2
  OK vj8UqVqJ (新建智能表格) imgs=3
  OK Z3FQFyol (查询子表) imgs=2
  OK 6H5BUhDN (更新子表) imgs=2
  OK p6Cu7Z5X (删除记录) imgs=2
  OK nz1YsDcK (删除字段) imgs=2
  OK 15fnqEDw (删除视图) imgs=2
    [img FAIL] 3Ta87nKQ-03.png: HTTP Error 401: Unauthorized
  OK 3Ta87nKQ (添加记录) imgs=5
  OK br4531QF (添加视图) imgs=2
  OK UJmNdwb2 (更新字段) imgs=2
  OK P1MuJvSd (更新记录) imgs=2
  OK Akf2jkgL (添加字段) imgs=2
  OK f5lotGvE (更新视图) imgs=2
大分类 JB70O3jQ: 子指令 20 篇, 本次新增 20
[41/137] === JIoEqoH7 ===
  OK 2XUPWUKk (实时-实时来源) imgs=9
  OK SevJDc9L (实时-实时榜单) imgs=5
  OK SuOh0JIk (实时-实时概况) imgs=5
大分类 JIoEqoH7: 子指令 3 篇, 本次新增 3
[42/137] === JOWLco7H ===
  OK O2YHh6Fp (对账中心_贷款账户_贷款明细) imgs=3
大分类 JOWLco7H: 子指令 1 篇, 本次新增 1
[43/137] === JTm1cTKK ===
  OK aJucB532 (电商图片白底图) imgs=6
  OK HesSe0i2 (电商图片翻译(同步请求直接获得翻译结果)) imgs=4
  OK DfPwAMxN (POD 定制人物头像专用抠图) imgs=5
  OK fpsWRF8z (电商产品图片理解) imgs=4
  OK HuoyIt1x (图片URL链接下载本地) imgs=0
  OK DQGsplG4 (电商图片去水印（支持自然语言）) imgs=6
  OK gdv5V5IG (电商图片图生图（国内模型）) imgs=3
  OK NQx36oFn (电商文生图（国内模型）) imgs=0
  OK 3IG8M4D6 (电商图片高清) imgs=4
  OK FwTw1e7X (gpt-image-2) imgs=3
大分类 JTm1cTKK: 子指令 10 篇, 本次新增 10
[44/137] === JbQaSa4r ===
  OK J8hkcs44 (电商产品图片理解) imgs=4
大分类 JbQaSa4r: 子指令 1 篇, 本次新增 1
[45/137] === JsvYpNwh ===
  OK mKopOIej (设置元素Style样式) imgs=0
  OK DJBctElD (获取元素Style样式值) imgs=0
大分类 JsvYpNwh: 子指令 2 篇, 本次新增 2
[46/137] === KV38p4AB ===
  OK cTuaMK6A (最新外汇牌价查询) imgs=2
  OK YWwUTeIO (当日人民币汇率中间价查询) imgs=2
大分类 KV38p4AB: 子指令 2 篇, 本次新增 2
[47/137] === LJ266EjC ===
  OK jPKw89aW (组合多元素(web)) imgs=3
  OK 2N9LwEJi (等待任意一组元素出现(win)) imgs=3
  OK BCwTWyLb (组合多元素(win)) imgs=3
  OK Avy8ntqM (等待任意一组元素出现(web)) imgs=3
大分类 LJ266EjC: 子指令 4 篇, 本次新增 4
[48/137] === LkbkmUwS ===
  OK 5zDn5HpM (快手小店登录) imgs=8
大分类 LkbkmUwS: 子指令 1 篇, 本次新增 1
[49/137] === Lns7pWTD ===
  OK g58Juw8j (保存Cookie) imgs=0
  OK EkAkXXER (Cookie登录) imgs=0
大分类 Lns7pWTD: 子指令 2 篇, 本次新增 2
[50/137] === MUp389Nn ===
  OK yimEViZQ (屏蔽谷歌“未正确关闭”提示) imgs=1
大分类 MUp389Nn: 子指令 1 篇, 本次新增 1
[51/137] === MtBiYKy9 ===
  OK QqMBMtUt (单条更新插入(upsert)) imgs=1
  OK Df5ooYBS (删除数据(delete)) imgs=1
  OK RSo5Gzdx (批量更新插入(batch_upsert)) imgs=1
  OK oeGsXk3k (单条数据插入(insert)) imgs=1
  OK ys0a1CUu (更新(update)) imgs=1
大分类 MtBiYKy9: 子指令 5 篇, 本次新增 5
[52/137] === MvRDK6jj ===
  OK Scwk7AHn (切分视频) imgs=0
  OK WZYiDxf4 (视频转GIF) imgs=0
  OK 1Qn6uhiN (视频提取音频) imgs=0
  OK 7htDiHm7 (视频加图片水印) imgs=0
  OK xxiQxI2T (获取视频时长) imgs=0
大分类 MvRDK6jj: 子指令 5 篇, 本次新增 5
[53/137] === NHBfnqWs ===
  OK pkuKo52f (流量-流量看板-流量总览数据获取) imgs=3
  OK BdE5AAhC (流量-商品来源-商品进店来源数据获取) imgs=3
  OK kA2kmYdQ (流量-流量看板-商品流量排行TOP数据获取) imgs=3
  OK OaZaHKKk (流量_店铺来源_流量来源构成) imgs=3
  OK 9Gtv1vVt (流量-流量看板-流量来源排行TOP10数据获取) imgs=3
  OK mv0lGzMa (流量-商品来源-本店商品排行榜数据获取) imgs=3
  OK XJHwRmtQ (流量-店铺来源-流量来源构成数据获取) imgs=3
大分类 NHBfnqWs: 子指令 7 篇, 本次新增 7
[54/137] === OisA7UK5 ===
  OK IUVdTJvG (交易-销售分析-交易构成-资金回流构成-数据获取) imgs=3
  OK pcLlMaXj (交易-退款分析-行业榜单-数据获取) imgs=3
  OK 1EtZ28OX (交易-退款分析-退款概览-已完结退款-数据获取) imgs=3
  OK ABZsiNuA (交易-退款分析-退款概览-流失至竞店购买-数据获取) imgs=3
  OK 5INQQtFQ (交易-退款分析-退款概览-退款原因-数据下载) imgs=3
  OK oCb8jBjR (交易-退款分析-退款概览-退款商品-数据下载) imgs=3
大分类 OisA7UK5: 子指令 6 篇, 本次新增 6
[55/137] === PCzJT28C ===
  OK KtHoqPhl (分列) imgs=1
  OK U1yPuptN (清除筛选) imgs=1
  OK Mvwstzyj (筛选) imgs=2
  OK ZxAn04Cp (读取筛选内容) imgs=1
  OK EMRugMK5 (区域截图(已弃用)) imgs=1
大分类 PCzJT28C: 子指令 5 篇, 本次新增 5
[56/137] === Ph62jMtp ===
    [img FAIL] rXCw9dnu-01.png: HTTP Error 404: Not Found
    [img FAIL] rXCw9dnu-02.png: HTTP Error 404: Not Found
  OK rXCw9dnu (文生图) imgs=2
    [img FAIL] 2wqOXhgI-02.png: HTTP Error 404: Not Found
    [img FAIL] 2wqOXhgI-03.png: HTTP Error 404: Not Found
  OK 2wqOXhgI (图生图) imgs=3
大分类 Ph62jMtp: 子指令 2 篇, 本次新增 2
[57/137] === PlI7Bpwr ===
  OK YDe3GmPR (发货管理-订单查询-批量导出) imgs=6
大分类 PlI7Bpwr: 子指令 1 篇, 本次新增 1
[58/137] === QRUYUdHt ===
  OK 7VOkr73E (Temu-调价管理-拒绝调价(全托)) imgs=2
  OK cmBarUKV (Temu-店铺品质指标获取) imgs=3
  OK P6LZ0nxB (TEMU-日期选择) imgs=1
  OK CkiRFbaC (TEMU-对账中心-导出列表+账务详情) imgs=2
  OK hovamyVu (Temu-店铺品质指标获取) imgs=3
  OK C6FX8BwN (TEMU-对账中心-导出列表) imgs=2
  OK vRo1yqy0 (TEMU-资金中心-获取资金中心数据) imgs=3
  OK RzIGsw9i (TEMU-结算数据-待处理数据导出) imgs=2
  OK Sv9Ua88o (Temu-订单管理-订单导出) imgs=4
  OK g1u0UHtu (TEMU-结算数据-已到账数据导出) imgs=2
  OK TuCAu9zE (Temu-切换子店铺) imgs=1
  OK VihDYt51 (Temu-订单列表-数据导出) imgs=2
  OK 7XLdwJwW (Temu-账户资金-退货面单费) imgs=1
  OK BR1rFm07 (Temu-订单管理-退货退款-售后单导出) imgs=1
  OK ST1UMuy3 (Temu-配送管理-面单管理) imgs=1
大分类 QRUYUdHt: 子指令 15 篇, 本次新增 15
[59/137] === R0ZmlHbO ===
  OK GI72OklB (品类-商品360销售分析核心概况数据获取) imgs=2
  OK iImfcZjR (品类-宏观监控核心指标监控数据获取) imgs=2
  OK ariu81CV (品类-商品360销售分析sku销售详情数据获取) imgs=2
大分类 R0ZmlHbO: 子指令 3 篇, 本次新增 3
[60/137] === RGdmDqgR ===
  OK UdaaiH9T (服务-绩效明细-流失明细数据获取) imgs=3
  OK 7zUlSD8A (服务-核心监控-客服团队概况数据获取) imgs=3
  OK wjJ7k6gu (服务-客服绩效-专项分析数据获取) imgs=4
  OK SWTj3KnS (服务-核心监控-客服排名数据获取) imgs=3
  OK a0zxJR4c (服务-绩效明细-质量明细数据获取) imgs=3
  OK w0hAwAnz (服务-绩效明细-商品明细(销售明细)) imgs=3
  OK dSgK4vKI (服务-绩效明细-商品明细(咨询明细)) imgs=4
  OK 7PYwTMle (服务-绩效明细-售后明细数据获取) imgs=3
  OK QsznMb5I (服务-绩效明细-商品明细(推荐明细)) imgs=4
  OK orT2LKYr (服务-店铺绩效-售后分析数据获取) imgs=3
  OK fICGYoEt (服务_店铺绩效-专项分析数据获取) imgs=3
  OK mQosIl6C (服务-客服绩效-售后分析数据获取) imgs=4
大分类 RGdmDqgR: 子指令 12 篇, 本次新增 12
[61/137] === RVYmIry3 ===
  OK RQUL1NQp (字典查首个键值) imgs=0
  OK f3JRmioz (字典格式化成文本) imgs=2
大分类 RVYmIry3: 子指令 2 篇, 本次新增 2
[62/137] === STxtrDNr ===
  OK uZUBOb7l (一维列表转二维列表) imgs=2
  OK qdHp6QKx (二维列表分组) imgs=2
  OK z7ciGTZP (列表项替换) imgs=2
  OK q6U0BKgJ (列表组装为字典) imgs=2
  OK VH9TidQe (二维列表排序) imgs=2
  OK mGw8sfnb (多维列表文本替换) imgs=2
  OK 2U6pgGxd (列表项转字典键) imgs=2
  OK Vo0iF0y5 (列表项判断包含) imgs=0
  OK RXlz2U3X (删除文本项两端空格) imgs=2
  OK UcUMEXrc (列表计数) imgs=2
  OK xGth6qNS (列表转置) imgs=2
  OK rUr1ZKpA (二维列表按列去重) imgs=2
  OK p4yHhTV8 (二维列表添加列) imgs=2
  OK oK5IaKD2 (筛选二维列表) imgs=2
  OK fi6uq3cv (多维列表转一维列表) imgs=2
大分类 STxtrDNr: 子指令 15 篇, 本次新增 15
[63/137] === UhnaM6xD ===
  OK pYaBHuLj (批量添加记录) imgs=1
  OK HMzFXudx (上传多维表格附件文件) imgs=1
  OK AnwgsQRZ (下载多维表格附件文件) imgs=0
  OK 3VZLD65w (更新单元格附件文件) imgs=2
  OK pFSAEile (导出多维表格) imgs=3
大分类 UhnaM6xD: 子指令 5 篇, 本次新增 5
[64/137] === V1gHrmUY ===
    [img FAIL] Zo2VEHK1-04.png: HTTP Error 400: Bad Request
  OK Zo2VEHK1 (阿里妈妈数智登录) imgs=7
  OK mshuBQZV (阿里妈妈登录) imgs=6
大分类 V1gHrmUY: 子指令 2 篇, 本次新增 2
[65/137] === V1onGstT ===
    [img FAIL] gtVLfscV-01.png: HTTP Error 400: Bad Request
    [img FAIL] gtVLfscV-02.png: HTTP Error 400: Bad Request
  OK gtVLfscV (旺店通登录) imgs=2
大分类 V1onGstT: 子指令 1 篇, 本次新增 1
[66/137] === VELzT4An ===
  OK CD52M1wx (相似文本匹配) imgs=2
  OK eV4J6WTt (检查文件是否被占用) imgs=3
  OK jGojoafY (英文符号转中文) imgs=2
  OK jd0qcx3R (生成随机字符串) imgs=2
  OK L1FshEdf (中文全角转半角) imgs=2
  OK xsIyAFAX (转换数字和百分比) imgs=4
  OK m4vPsd7Q (中文符号转英文) imgs=2
  OK vgIETDdz (小数取整) imgs=2
  OK nGT92mt2 (首字母大写) imgs=2
  OK AjvZokXA (比较两个文本) imgs=2
  OK NgyUtymO (去除空白行) imgs=2
  OK ICVL92fn (切分省市区地址) imgs=4
  OK Ul8b0Hv3 (多行合并成一行) imgs=2
  OK CiZKcvfd (保留完整单词截取文本) imgs=2
  OK WpLIoOlW (四舍五入) imgs=2
  OK na11nDTc (Base64解码) imgs=2
  OK guq3alve (提取文本中的常用信息) imgs=2
  OK czmtQ5j7 (去空格) imgs=2
  OK Vzw3XCG3 (多行文本按行去重) imgs=2
  OK BHqPzkTh (文本转Base64编码) imgs=2
  OK veQxNHOF (指定字符位置拆分文本) imgs=0
大分类 VELzT4An: 子指令 21 篇, 本次新增 21
[67/137] === Vrp2k185 ===
  OK 067ZVz8Z (客户-会员分析-核心指标) imgs=1
  OK D2syVAF0 (客户-已购客户-核心指标-数据获取) imgs=4
  OK xaQovyX5 (客户-客户概况-店铺客户-数据获取) imgs=3
  OK KLq4WB4b (客户-客户概况-店铺运营投入-数据获取) imgs=4
大分类 Vrp2k185: 子指令 4 篇, 本次新增 4
[68/137] === WPcIjSAQ ===
  OK HAxLJp9t (开启元素监听) imgs=2
  OK qKQFi5HI (结束元素监听) imgs=1
  OK nLr7znmf (获取一条监听结果) imgs=1
大分类 WPcIjSAQ: 子指令 3 篇, 本次新增 3
[69/137] === WUaZ9OD5 ===
  OK KqvDYa6T (删除Sheet页) imgs=2
  OK vtiZ03Fc (添加Sheet页) imgs=2
  OK FTE76OYG (获取sheet页的id) imgs=2
  OK eTAzjVbn (单元格嵌入图片) imgs=2
  OK jNsAHHby (单元格填充图片) imgs=2
  OK ItnhDVnw (设置格式) imgs=2
  OK iV8caEJu (获取Sheet页名称) imgs=2
  OK IVDsV4cN (写入表格内容) imgs=8
  OK mO4XG72q (删除浮动图片) imgs=0
  OK T4zFjJpF (获取浮动图片详情) imgs=0
  OK YAUYPC4s (更新浮动图片) imgs=0
  OK g9z70jjy (查询表格中浮动图片) imgs=0
  OK YJfyPTki (合并或拆分单元格) imgs=0
  OK WlmhJ68R (获取工作表属性信息) imgs=0
  OK c4JN5AEQ (替换单元格) imgs=0
  OK xL9VIbiL (获取sheet页的url) imgs=1
  OK Lx4Jr5sK (生成表格列类型) imgs=5
  OK ccKfRUjp (获取飞书表格有效列数) imgs=0
  OK Eih0Jht2 (获取飞书表格有效行数) imgs=0
  OK pSbyqMJa (写入飞书电子表格公式) imgs=0
大分类 WUaZ9OD5: 子指令 20 篇, 本次新增 20
[70/137] === X9y9hoGF ===
  OK Fl8Ishew (工作流-查询工作流异步执行结果) imgs=1
  OK uUMqtHyL (文件-上传文件) imgs=0
  OK BJuddkk6 (知识库-构建分段规则) imgs=0
  OK iMwO0GRS (工作流-执行工作流) imgs=2
  OK MgOq6pM2 (知识库-创建知识库文件) imgs=0
  OK iUcfiNpp (知识库-创建知识库文件-本地文本文件) imgs=0
  OK NpdmEDtM (知识库-查看知识库文件上传进度) imgs=0
  OK 0gKLvvNr (知识库-创建知识库) imgs=0
  OK M4LBIscA (知识库-构建文件元数据信息（本地文本文件）) imgs=0
大分类 X9y9hoGF: 子指令 9 篇, 本次新增 9
[71/137] === Xtu3Dyv8 ===
大分类 Xtu3Dyv8: 子指令 16 篇, 本次新增 0
[72/137] === ZVjD40K2 ===
  OK qHFVhVSp (获取文件夹列表) imgs=2
大分类 ZVjD40K2: 子指令 1 篇, 本次新增 1
[73/137] === a4TH5A1N ===
  OK hHDL73hN (AI生成标题（文生标题）) imgs=0
  OK PzmFgcM9 (标题翻译) imgs=0
大分类 a4TH5A1N: 子指令 2 篇, 本次新增 2
[74/137] === aOPex9i0 ===
  OK Efu90tNZ (万相台_报表_人群报表) imgs=3
  OK 7aifdBrC (万相台_报表_营销场景报表) imgs=3
  OK 8wGfCqc3 (万相台_报表_关键词报表_数据汇总) imgs=3
  OK 8TN90d1V (万相台_报表_计划报表) imgs=3
  OK uPnR8huL (万相台_报表_人群报表_数据汇总) imgs=3
  OK lwlWdm0D (万相台_报表_内容报表) imgs=3
  OK FWSVD9aj (万相台_报表_商品报表_数据汇总) imgs=3
  OK XTZqoaT9 (万相台_报表_单元报表_数据汇总) imgs=3
  OK LcKpHITN (万相台_报表_单元报表) imgs=3
  OK 0cXScPtu (万相台_报表_内容报表_数据汇总) imgs=3
  OK bc2o1SZZ (万相台_报表_商品报表) imgs=3
大分类 aOPex9i0: 子指令 11 篇, 本次新增 11
[75/137] === bceHSvPZ ===
  OK VceyzUFN (商品推广-数据概况) imgs=2
  OK 7mVbewDW (商品推广-数据明细-推广商品) imgs=2
大分类 bceHSvPZ: 子指令 2 篇, 本次新增 2
[76/137] === cQFHHWNi ===
  OK k5TtecrU (京东图片点选验证码) imgs=1
  OK ITwX4KHM (京东滑块&图片点选验证码) imgs=2
  OK KIJZLJd2 (京东拼图滑块验证码) imgs=1
大分类 cQFHHWNi: 子指令 3 篇, 本次新增 3
[77/137] === ccTJLCKF ===
  OK wCUsunWh (QQ发消息) imgs=5
大分类 ccTJLCKF: 子指令 1 篇, 本次新增 1
[78/137] === csJFKroT ===
  OK LfZlTKyn (多多客服-客服数据-客服绩效数据-客服绩效详情) imgs=2
  OK XMGKkuKP (多多客服-客服数据-开场白数据-数据) imgs=2
  OK 29ST1FKu (多多客服-客服数据-服务数据-数据总览) imgs=2
  OK Y1lpiRGm (多多客服-客服数据-销售数据-数据总览) imgs=2
大分类 csJFKroT: 子指令 4 篇, 本次新增 4
[79/137] === d3IrwX7D ===
  OK t55RE0Ob (Tiktok-日期选择) imgs=2
  OK rewDSrWT (Tiktok-日期选择-结算单) imgs=1
  OK 7TqgWRIt (Tiktok-日期选择-订单管理) imgs=1
  OK vNY9tWme (Tiktok-日期选择-财务交易) imgs=1
  OK MgYdajCe (Tiktok-导出-管理订单) imgs=1
大分类 d3IrwX7D: 子指令 5 篇, 本次新增 5
[80/137] === dCC9IWCX ===
  OK lFIVwkH2 (获取店铺列表) imgs=1
  OK C0qPpQJx (进入账号管理页面) imgs=1
  OK Uaz5iSzH (上传文件到紫鸟) imgs=0
  OK v32k8xQq (获取下载文件保存位置) imgs=2
  OK pfNLBoiA (紫鸟文件下载) imgs=2
大分类 dCC9IWCX: 子指令 5 篇, 本次新增 5
[81/137] === dMoD38Uc ===
  OK csNTMdAv (流量-关键词分析) imgs=5
  OK RQFqFWKA (流量-商品来源) imgs=6
  OK NrrDAcsh (流量-流量概况-核心指标) imgs=5
  OK A9p8zjF2 (流量-访客分析-时段分布) imgs=6
  OK B7R6pg5Q (流量-店铺来源-流量来源) imgs=6
  OK fyU4Z1nm (流量-关键词分析-时间选择) imgs=2
  OK q7W3NjW7 (流量-商品来源-时间选择) imgs=1
  OK 6jBGVqap (流量-访客分析-时间选择) imgs=1
  OK LWaPtkr9 (流量-店铺来源-时间选择) imgs=1
  OK V4Lj38wR (流量-流量概况-时间选择) imgs=1
大分类 dMoD38Uc: 子指令 10 篇, 本次新增 10
[82/137] === ddzvAqho ===
  OK 9k5jg89V (时分秒选择) imgs=2
    [img FAIL] GFzct1Y6-04.png: HTTP Error 400: Bad Request
  OK GFzct1Y6 (日历日期选择器一（web）) imgs=5
  OK opmdN0Lt (日期选择二（web）) imgs=1
  OK ko9SFSMw (日历日期选择器二（web）) imgs=8
  OK fLAVpjyC (点击指定内容的元素（web）) imgs=3
  OK 1JRyu5Y4 (日期选择（web）) imgs=3
  OK L5UTr2Xg (按钮切换至指定内容（web）) imgs=1
大分类 ddzvAqho: 子指令 7 篇, 本次新增 7
[83/137] === e2VDOh3F ===
  OK woOAdOgm (文叔叔-下载文件) imgs=2
  OK UuJ4SMfC (文叔叔-上传文件) imgs=2
大分类 e2VDOh3F: 子指令 2 篇, 本次新增 2
[84/137] === efPZbxVS ===
  OK 1guWbbHU (京东商智登录（品牌版）) imgs=3
  OK bmSnEQeZ (京东商智登录（商家版）) imgs=3
大分类 efPZbxVS: 子指令 2 篇, 本次新增 2
[85/137] === enIp28fZ ===
  OK Vu31YWNk (千牛登录) imgs=2
大分类 enIp28fZ: 子指令 1 篇, 本次新增 1
[86/137] === erppqQCG ===
  OK fq7EBGSN (品销宝_账户_账户明细日期选择) imgs=1
    [img FAIL] PXGP7pOs-01.png: HTTP Error 400: Bad Request
  OK PXGP7pOs (商家中心-数据分析-定向计划报表日期选择) imgs=1
    [img FAIL] Q2EBXe6I-01.png: HTTP Error 400: Bad Request
  OK Q2EBXe6I (商家中心-数据分析-自选&通用计划报表日期选择) imgs=1
  OK pSK7384u (商家中心-数据分析-类目分析日期选择) imgs=1
    [img FAIL] TBsbri32-01.png: HTTP Error 400: Bad Request
  OK TBsbri32 (商家中心-数据分析-CPS订单明细-报表下载详情日期选择) imgs=1
  OK mVLSDfmw (品销宝报表日期选择) imgs=1
    [img FAIL] Rfxh5HZg-01.png: HTTP Error 400: Bad Request
  OK Rfxh5HZg (商家中心数据分析日期选择) imgs=1
    [img FAIL] ORRVn41v-01.png: HTTP Error 400: Bad Request
  OK ORRVn41v (商家中心-数据分析-服务商&营销计划日常and整体报表日期选择) imgs=1
大分类 erppqQCG: 子指令 8 篇, 本次新增 8
[87/137] === f91o8fca ===
  OK pn80tWwo (供应链—库存商品明细下载) imgs=6
大分类 f91o8fca: 子指令 1 篇, 本次新增 1
[88/137] === fCsyT6ZR ===
  OK 3uMt0aD5 (上传图片) imgs=1
  OK fykHH8BF (下载图片) imgs=1
  OK 93pTknMz (发送消息) imgs=3
  OK G9NysHiz (上传文件) imgs=1
  OK KrpR0fKW (下载文件) imgs=1
  OK Xrnilx4V (通过手机号获取用户ID) imgs=1
  OK a2SyFnYx (获取会话历史消息) imgs=7
大分类 fCsyT6ZR: 子指令 7 篇, 本次新增 7
[89/137] === fJksXtYm ===
  OK gs2Noio7 (京挑客-结算信息-普通推广) imgs=6
  OK hVEfZ8kV (京挑客-订单明细-下单订单明细-下单日期) imgs=13
  OK KioshNdq (京挑客-订单明细-下单订单明细-完成日期) imgs=7
大分类 fJksXtYm: 子指令 3 篇, 本次新增 3
[90/137] === fOsRqewt ===
  OK RhdJJ5eI (基础报表—内容报表下载) imgs=3
  OK aDcHWCdu (下载管理—场景结案下载) imgs=1
  OK 1cPR7QBj (基础报表—地域报表下载) imgs=3
  OK EbhDJwTg (基础报表—创意报表下载) imgs=3
  OK ImqilaUQ (内容营销—短直联动) imgs=1
  OK EWesQHCq (基础报表—营销场景报表下载) imgs=3
  OK vWnBNwQw (基础报表—计划报表下载) imgs=3
大分类 fOsRqewt: 子指令 7 篇, 本次新增 7
[91/137] === geamt8fB ===
大分类 geamt8fB: 子指令 9 篇, 本次新增 0
[92/137] === h09s9ExE ===
  OK gi4DN8Ue (商品-商品360-服务体验) imgs=5
  OK tfRu8mGA (商品-商品360-单品诊断) imgs=5
  OK rvxT3VU0 (商品-商品360-退款分析-退款SKU) imgs=4
  OK ZihYB2cA (商品-新品追踪-新品监控) imgs=3
  OK BWvzZE22 (生意参谋_商品_商品360_销售分析_核心概况) imgs=1
  OK U9RNDgnp (商品-新品追踪-新品列表) imgs=3
  OK jhS4XVE9 (商品-商品排行-推广商品) imgs=3
  OK 8ndnzKIr (商品-商品360-退款分析-退款原因) imgs=4
  OK iWo9o82S (商品-商品360-详情分析-主图分析) imgs=4
  OK 3Rue5lbd (商品-商品360-详情分析-商品详情) imgs=4
  OK CSw1QZkA (商品-商品排行-全部商品-整体视角) imgs=3
  OK Du0ZcsBA (生意参谋_商品_商品360_销售分析_流量来源（旧版）) imgs=1
  OK 8rI02QfZ (商品-商品360-价格分析-商品力核心指标) imgs=4
  OK XWi5g2cQ (商品-视频分析-单条明细) imgs=3
  OK dEUPjZPd (商品-视频分析-整体概览) imgs=4
  OK HRtDwekm (商品-商品360-退款分析-已完结退款) imgs=4
  OK 2ePh0Ig3 (生意参谋_商品_商品360_销售分析_SKU销售详情) imgs=1
  OK pmuqufiF (商品-宏观监控-商品效率监控-核心指标监控) imgs=4
  OK bA6MZNhU (商品-商品360-内容分析) imgs=4
大分类 h09s9ExE: 子指令 19 篇, 本次新增 19
[93/137] === hxOU6Ggj ===
  OK QSd7WyZm (读取总行或列数) imgs=0
  OK rrd8TlVr (写入单元格内容) imgs=0
  OK O7elTFxg (读取表格内容) imgs=0
  OK wOFh6XZr (读取单元格内容) imgs=0
  OK SZPue3b0 (写入表格内容) imgs=0
大分类 hxOU6Ggj: 子指令 5 篇, 本次新增 5
[94/137] === i1M7Xuxo ===
  OK C3GLmGao (多多直播-成交总结) imgs=3
  OK AtBnslRv (多多直播-实时数据) imgs=3
  OK sxToPzeM (多多直播-用户画像) imgs=3
  OK b6aJSOGE (多多直播-流量来源) imgs=3
大分类 i1M7Xuxo: 子指令 4 篇, 本次新增 4
[95/137] === i2Vbj6Mp ===
大分类 i2Vbj6Mp: 子指令 12 篇, 本次新增 0
[96/137] === i3bYn9Bi ===
  OK VBs7hS9J (支付宝登录) imgs=1
  OK k3g8DnNI (资金流水(账单明细)-时间选择) imgs=1
大分类 i3bYn9Bi: 子指令 2 篇, 本次新增 2
[97/137] === i7qgA3P8 ===
  OK sL1QaqLj (亚马逊-市场-SKU报告下载) imgs=2
  OK 5gz1gj36 (亚马逊-绩效-获取政策合规性信息) imgs=2
  OK JiRyVOFY (亚马逊-市场-分类商品报告下载) imgs=2
  OK MW4FY8rk (亚马逊-市场-管理报价结果截图) imgs=2
  OK DcdNhRlI (亚马逊-市场-物流入库配置服务费用报告下载) imgs=3
  OK TJJZrCLK (亚马逊-绩效-获取配送绩效信息) imgs=2
  OK uBobGDPb (亚马逊-市场-所有结算V2文件下载) imgs=3
  OK 8UOdumXj (亚马逊-绩效-获取业绩通知信息) imgs=3
  OK HV5v03Jj (亚马逊-绩效-获取客户服务绩效信息) imgs=2
  OK WOLYCTd7 (亚马逊-市场-获取所有新闻) imgs=3
  OK ijBKTQ72 (亚马逊-市场-价格折扣数据采集) imgs=3
  OK ibFBrqjO (亚马逊-市场-退货标记信息截图) imgs=2
  OK gW8GSggd (亚马逊-市场-SIPP报告下载) imgs=2
  OK 1q08Q8lS (亚马逊-市场-下载采购成本文件) imgs=2
  OK Kua7gRaY (亚马逊-市场-子商品业务报告下载) imgs=3
  OK gMjTt0BJ (亚马逊-市场-下载热门搜索词报告) imgs=2
  OK hOk1hc26 (亚马逊-市场-退货处理费报告下载) imgs=2
  OK oAgU67Z2 (亚马逊-绩效-政策合规性监控) imgs=3
  OK YwHZC5iD (亚马逊-绩效-入库绩效监控) imgs=3
  OK QQWrZQ6w (亚马逊-绩效-货件处理进度监控) imgs=3
  OK iDod34ZO (亚马逊-绩效-管理支持问题监控) imgs=3
  OK YE0z8Ssx (亚马逊-市场-所有订单报告下载) imgs=2
  OK LgzkwOxy (亚马逊-绩效-商品图片缺失监控) imgs=3
大分类 i7qgA3P8: 子指令 23 篇, 本次新增 23
[98/137] === iv0QatqN ===
  OK oARdgLHb (快递100查询) imgs=0
  OK v8foCFud (获取已揽收节点物流) imgs=0
  OK Na16OxEj (猪猪云快递查询) imgs=0
  OK LzrvqaOY (获取当前物流状态) imgs=0
大分类 iv0QatqN: 子指令 4 篇, 本次新增 4
[99/137] === izPi8DRQ ===
  OK rqZ4cqXx (京东商智登录（品牌版）) imgs=3
  OK 6VU5sAFA (京东商智登录（商家版）) imgs=3
大分类 izPi8DRQ: 子指令 2 篇, 本次新增 2
[100/137] === j3MiFQmW ===
  OK M4UgaP5Z (图片链接转图片插入指定列) imgs=5
  OK obozxFuw (自定义分隔符拆分列内容) imgs=5
大分类 j3MiFQmW: 子指令 2 篇, 本次新增 2
[101/137] === jTcxLSvQ ===
  OK aT80ji5C (商品支付排行榜数据下载) imgs=1
  OK Z2NZ4XEJ (商家后台-切换语言) imgs=1
  OK sYYTJjYp (生意参谋-关键词分析-数据下载) imgs=1
  OK NAsJRQ5z (订单批量导出) imgs=1
  OK uDmwAW3B (生意参谋-店铺表现-数据下载) imgs=1
  OK hWx8TSRR (商品预警数据下载) imgs=1
  OK cnejDMgz (生意参谋-首页-数据下载) imgs=1
  OK cGnYOl9K (生意参谋-本地市场分析-数据下载) imgs=1
大分类 jTcxLSvQ: 子指令 8 篇, 本次新增 8
[102/137] === jquCesST ===
  OK N5CSrUJ0 (打开表格) imgs=0
  OK tCDELwt5 (读取表格内容) imgs=4
  OK 6yC5005U (写入表格内容) imgs=3
大分类 jquCesST: 子指令 3 篇, 本次新增 3
[103/137] === kLiPTYOw ===
    [img FAIL] GArDUGr8-04.png: HTTP Error 400: Bad Request
  OK GArDUGr8 (阿里妈妈数智登录) imgs=7
  OK u4jfXT4b (阿里妈妈登录) imgs=6
大分类 kLiPTYOw: 子指令 2 篇, 本次新增 2
[104/137] === kjgGHIxB ===
  OK 2JXZJFNy (文字转拼音) imgs=2
  OK 4WjXvDJy (简体繁体转换) imgs=2
  OK y0A4OfYL (中英文翻译) imgs=2
大分类 kjgGHIxB: 子指令 3 篇, 本次新增 3
[105/137] === kzKoiPrG ===
  OK 3puQ9vjh (服务-咚咚概览) imgs=6
  OK RwlRauzP (服务-客服排行) imgs=7
  OK XcXbXcWd (服务-评价分析) imgs=6
  OK 8Sp0DsRK (服务-客服销售) imgs=6
  OK JkQppmhB (服务-接待响应) imgs=7
  OK WyqdaXEy (服务-服务竞争) imgs=7
  OK mNblmjhV (服务-评价分析-时间选择) imgs=2
  OK bY2SLgGW (服务-通用时间选择器) imgs=2
大分类 kzKoiPrG: 子指令 8 篇, 本次新增 8
[106/137] === l07xRYCO ===
  OK TvkkkZ4D (EV录屏-软件启动) imgs=1
  OK 6Snc3B2I (EV录屏-开始录制) imgs=1
  OK ezaB1qNX (EV录屏-结束录制) imgs=1
大分类 l07xRYCO: 子指令 3 篇, 本次新增 3
[107/137] === lEaGzf0g ===
  OK 9lEgMtca (机器人发送单聊消息) imgs=9
  OK HR7WctQy (建立钉钉机器人连接) imgs=10
  OK iJyRKuij (机器人接收消息) imgs=11
大分类 lEaGzf0g: 子指令 3 篇, 本次新增 3
[108/137] === ldDUGARB ===
  OK ooPZLEvI (紫鸟浏览器-显示控制台) imgs=2
  OK mzwcyYNd (紫鸟浏览器-切换店铺) imgs=5
大分类 ldDUGARB: 子指令 2 篇, 本次新增 2
[109/137] === mgm31c66 ===
  OK guNPr5Cv (json数据提取) imgs=0
大分类 mgm31c66: 子指令 1 篇, 本次新增 1
[110/137] === msJPZK69 ===
  OK bxHz5Yeb (首页-运营视窗整体看板数据获取) imgs=3
大分类 msJPZK69: 子指令 1 篇, 本次新增 1
[111/137] === nK3iyynl ===
  OK EzNvL5oV (生意参谋_内容_直播业绩_成交拆解) imgs=1
  OK C4oN8es2 (生意参谋_内容_直播业绩_合作直播间_合作主播列表) imgs=1
  OK vCC9E2BA (生意参谋_内容_直播业绩_合作直播间_人群效果) imgs=1
  OK cV1RdMZ9 (生意参谋_内容_直播业绩_店播-播中_点击转化分析) imgs=1
  OK Xs5SWHxd (生意参谋_流量_推荐分析_商品素材) imgs=1
  OK Jrguh5pU (生意参谋_内容_直播业绩_合作直播间_成交商品列表) imgs=1
  OK 3zLcma7V (生意参谋_内容_直播业绩_合作直播间_合作场次列表) imgs=1
大分类 nK3iyynl: 子指令 7 篇, 本次新增 7
[112/137] === oDlW5N0V ===
  OK B1I7ZjTA (数据中心-行业分析-行业大盘-品牌流量排行) imgs=11
大分类 oDlW5N0V: 子指令 1 篇, 本次新增 1
[113/137] === ocRRBq0s ===
  OK J0Gze1aI (服务-售后服务-日常运营指标-数据获取) imgs=3
  OK GmBulsLm (服务-物流洞察-违规-赔付-数据获取) imgs=4
  OK Nbd85JCu (服务-核心监控-行业竞争-行业TOP商家-数据获取) imgs=4
  OK RKOVd1Y6 (服务-物流洞察-总览-核心指标-数据获取) imgs=4
  OK 9nBlIJrl (服务-售后服务-退款维权分析-数据获取) imgs=3
  OK pQ4UPs9J (服务-实时咨询-实时明细-数据获取) imgs=4
  OK 2HdPZfL2 (服务-客服绩效-商品分析-数据获取) imgs=4
  OK GNuoZPOq (服务-物流洞察-明细-时效管理-详细分析-数据获取) imgs=3
  OK iHqjVjhc (服务-店铺绩效-商品分析-数据获取) imgs=4
  OK Acj92BIg (服务-物流洞察-明细-退货物流总览-退货列表-数据获取) imgs=3
  OK GWtcsNzd (服务-物流洞察-诊断-物流异常-物流异常订单明细-数据获取) imgs=3
  OK OVXmXhuT (服务-物流洞察-诊断-物流异常-物流异常快递公司分析-数据获取) imgs=3
大分类 ocRRBq0s: 子指令 12 篇, 本次新增 12
[114/137] === omvbGGz8 ===
    [img FAIL] YIJTzg3h-01.png: HTTP Error 400: Bad Request
    [img FAIL] YIJTzg3h-02.png: HTTP Error 400: Bad Request
  OK YIJTzg3h (商家中心-数据分析-CPS订单明细-成功订单明细下载) imgs=2
    [img FAIL] y0iWa3dP-01.png: HTTP Error 400: Bad Request
    [img FAIL] y0iWa3dP-02.png: HTTP Error 400: Bad Request
  OK y0iWa3dP (商家中心-数据分析-CPS订单明细-维权退款订单明细下载) imgs=2
    [img FAIL] 5LEdXMo0-01.png: HTTP Error 400: Bad Request
  OK 5LEdXMo0 (商家中心-数据分析-商品分析报表下载) imgs=1
大分类 omvbGGz8: 子指令 3 篇, 本次新增 3
[115/137] === osLCw7h6 ===
  OK QO4aFowP (交易-交易概况-交易总览数据获取) imgs=3
  OK RFtFhzUy (交易-交易构成-品牌构成数据获取) imgs=3
  OK 1429jY5p (交易-交易构成-价格带构成数据获取) imgs=3
  OK GtwHRXkc (交易-交易构成-类目构成数据获取) imgs=3
  OK kbiO7oB7 (交易-交易构成-终端构成数据获取) imgs=3
大分类 osLCw7h6: 子指令 5 篇, 本次新增 5
[116/137] === p798DRLy ===
  OK KOyQGxaZ (营销-营销概览) imgs=8
  OK u8zcFMK1 (营销-内容概览) imgs=7
  OK lSWlgIS9 (营销-内容明细-数据概览) imgs=8
  OK H7LQO1XL (营销-内容明细-时间选择) imgs=2
  OK FeaZYrGC (营销-内容概览-时间选择) imgs=2
  OK rNoRYifn (营销-营销概览-时间选择) imgs=2
大分类 p798DRLy: 子指令 6 篇, 本次新增 6
[117/137] === qDplxJQw ===
  OK AdxwzxzW (行业-品牌榜单) imgs=10
  OK L2R9PGyR (行业-商家榜单) imgs=9
  OK 6sG43GBF (行业-商品榜单) imgs=10
  OK YQFkTrCY (行业-产品榜单) imgs=10
  OK vo8FPEXv (行业-行业大盘-大盘概况) imgs=10
  OK uAd3RKZ3 (行业-产品榜单-时间选择) imgs=2
  OK lODGUxHx (行业-商家榜单-时间选择) imgs=1
  OK njFAJc6u (行业-品牌榜单-时间选择) imgs=1
  OK VTuU7tkS (行业-行业大盘-时间选择) imgs=1
  OK H51V37RK (行业-商品榜单-时间选择) imgs=1
大分类 qDplxJQw: 子指令 10 篇, 本次新增 10
[118/137] === qG1ZtY0b ===
  OK HR3hAeAM (咚咚-设置接待状态) imgs=1
  OK CJcOxT9C (咚咚-采集聊天记录) imgs=2
大分类 qG1ZtY0b: 子指令 2 篇, 本次新增 2
[119/137] === qY0qNESl ===
  OK 2Z9tzUVg (查询运单) imgs=3
  OK qyanBmsb (注册运单) imgs=4
大分类 qY0qNESl: 子指令 2 篇, 本次新增 2
[120/137] === qhxMo72w ===
  OK XPUQB6oZ (站外广告-投放概况) imgs=10
大分类 qhxMo72w: 子指令 1 篇, 本次新增 1
[121/137] === s7MXdQqb ===
    [img FAIL] q4VYeB8a-01.png: HTTP Error 400: Bad Request
  OK q4VYeB8a (账号密码登录微店后台) imgs=1
大分类 s7MXdQqb: 子指令 1 篇, 本次新增 1
[122/137] === sYFxBzMP ===
  OK LjZ8ukXi (京东快车-数据报表-账户报表-推广单元报表) imgs=8
  OK gBbNppMF (京东快车-数据报表-账户报表-推广计划报表) imgs=8
  OK AH8TQbdM (京东快车-数据报表-账户报表-账户报表) imgs=8
大分类 sYFxBzMP: 子指令 3 篇, 本次新增 3
[123/137] === ssmPSj2C ===
  OK fIpvcfQW (新建文件夹) imgs=1
  OK IdyRzlnH (上传文件) imgs=1
  OK 3hFbqT43 (下载文件) imgs=1
  OK ssc8rjls (移动文件) imgs=1
  OK 060m4REl (获取空间元数据) imgs=1
  OK 7XnlnSzl (删除文件) imgs=1
  OK VLYJVxno (获取文件夹中的文件清单) imgs=2
  OK Wud7zFgr (移动云空间文档到知识库) imgs=1
  OK hAmnTr97 (任务-创建导入任务) imgs=0
  OK NubyHhET (素材-上传素材) imgs=1
  OK lJPSzlY4 (查询移动云空间文档到知识库结果) imgs=1
  OK 3fOhmbgn (任务-查询导入任务结果) imgs=1
  OK 5Gso6Xqf (导入文件为云文档) imgs=1
  OK 4uJbt3ej (素材-下载素材) imgs=0
  OK m6T8CJFY (导入文件为表格) imgs=1
大分类 ssmPSj2C: 子指令 15 篇, 本次新增 15
[124/137] === tthCbB78 ===
  OK ef59Awp4 (京东登录) imgs=0
  OK La5mc2fO (京东登录-企业用户) imgs=1
大分类 tthCbB78: 子指令 2 篇, 本次新增 2
[125/137] === u5ulG59q ===
  OK wfajIIRT (账户-账户明细-专款交易明细) imgs=4
  OK sFhcUlKF (账户-账户明细-现金收支明细) imgs=4
  OK GKQJ3GsW (账户-账户明细-优惠券花费明细) imgs=4
大分类 u5ulG59q: 子指令 3 篇, 本次新增 3
[126/137] === uNIus2vU ===
  OK 9rUssEMs (购物触点-数据报表-账户报表-商品定向报表) imgs=10
  OK eaCASJaa (购物触点-数据报表-账户报表-推广单元报表) imgs=8
大分类 uNIus2vU: 子指令 2 篇, 本次新增 2
[127/137] === uos2FTti ===
  OK iheHD7Nn (e的x次方) imgs=1
  OK XAeGcREa (公约数) imgs=2
大分类 uos2FTti: 子指令 2 篇, 本次新增 2
[128/137] === vbovV1TE ===
  OK K9F1i6FA (豆包上传文件生成内容) imgs=1
大分类 vbovV1TE: 子指令 1 篇, 本次新增 1
[129/137] === wZRI9WUn ===
  OK LBJtmVYF (京东展位-数据报表-账户报表-账户) imgs=9
  OK tjk6Xq68 (京东展位-数据报表-账户报表-推广单元报表) imgs=9
  OK KFcuQocy (京东展位-数据报表-账户报表-推广创意报表) imgs=9
  OK Tt5suvyG (京东展位-数据报表-账户报表-推广计划报表) imgs=9
大分类 wZRI9WUn: 子指令 4 篇, 本次新增 4
[130/137] === xF5HuUG3 ===
  OK 5bD7738V (企微发送剪贴板内容) imgs=3
    [img FAIL] luOWbdwV-02.png: HTTP Error 400: Bad Request
    [img FAIL] luOWbdwV-03.png: HTTP Error 400: Bad Request
  OK luOWbdwV (获取企业微信聊天记录) imgs=3
  OK M6H60aPw (企微发送消息) imgs=3
  OK PHqeTURb (企微查找联系人) imgs=4
    [img FAIL] lXQbq9Ib-02.png: HTTP Error 400: Bad Request
    [img FAIL] lXQbq9Ib-03.png: HTTP Error 400: Bad Request
  OK lXQbq9Ib (获取会话列表) imgs=3
大分类 xF5HuUG3: 子指令 5 篇, 本次新增 5
[131/137] === xvTWXEqU ===
  OK 5xeuMU1E (图片相似度计算-ResNet) imgs=0
大分类 xvTWXEqU: 子指令 1 篇, 本次新增 1
[132/137] === yCFia8v3 ===
  OK kOhAdRlJ (流量-搜索词分析-引流搜索关键词-下载数据) imgs=3
  OK Mp6QHofi (流量-推荐分析-推荐概况-下载数据) imgs=3
大分类 yCFia8v3: 子指令 2 篇, 本次新增 2
[133/137] === yPKPxkVc ===
  OK uGFozSPq (领星-产品表现数据导出) imgs=1
  OK sbjvS1pW (领星-登录) imgs=1
  OK pHn3aZJZ (领星-订单利润数据导出) imgs=1
  OK hGZ7ZEIz (领星-选择日期) imgs=1
  OK 6QZPUNVv (领星-运营计划数据导出) imgs=1
  OK zoU0LhKi (领星-Listing标签数据导入) imgs=1
  OK g3E0u5e1 (领星-Listing数据导出) imgs=1
  OK Zr28zybn (领星-结算利润数据导出) imgs=1
  OK EBByUq5R (领星-FBA库存明细数据导出) imgs=1
大分类 yPKPxkVc: 子指令 9 篇, 本次新增 9
[134/137] === ydwM0rdV ===
  OK epesDibb (报表账户概览日期选择) imgs=1
  OK Q8DdpTeb (账户-账户明细日期选择) imgs=1
大分类 ydwM0rdV: 子指令 2 篇, 本次新增 2
[135/137] === z22Iz6ig ===
  OK SDZ7db4v (营销-营销工具-工具效果总览) imgs=3
大分类 z22Iz6ig: 子指令 1 篇, 本次新增 1
[136/137] === zVqFJbuW ===
  OK vzmjgsbh (建立钉钉机器人连接) imgs=10
  OK zNevOgUo (机器人接收消息) imgs=11
  OK qktWkzTQ (机器人发送单聊消息) imgs=9
大分类 zVqFJbuW: 子指令 3 篇, 本次新增 3
[137/137] === zrc4euWH ===
  OK rGPnKwRN (超级钻展报表日期选择) imgs=1
    [img FAIL] phcLDxqH-01.png: HTTP Error 400: Bad Request
    [img FAIL] phcLDxqH-02.png: HTTP Error 400: Bad Request
  OK phcLDxqH (已卖出的宝贝_退款管理_时间选择) imgs=2
大分类 zrc4euWH: 子指令 2 篇, 本次新增 2
全部完成, 子指令总数(含已生成): 729
