FAIL commands\custom-commands\2OceBTsN\I9d0aMUC.mdx
   Unexpected end of file in expression, expected a corresponding closing brace for `{`
FAIL commands\custom-commands\2OceBTsN\rEb2eMwu.mdx
   Unexpected end of file in expression, expected a corresponding closing brace for `{`
FAIL commands\custom-commands\6gIhBk4t\3f3OA0o8.mdx
   Could not parse expression with acorn
FAIL commands\custom-commands\6gIhBk4t\5ceHTd6e.mdx
   Could not parse expression with acorn
FAIL commands\custom-commands\6gIhBk4t\CqLnH6OV.mdx
   Could not parse expression with acorn
FAIL commands\custom-commands\6gIhBk4t\v9TNY7eE.mdx
   Could not parse expression with acorn
FAIL commands\custom-commands\Aj968baR\Ao0vuQz5.mdx
   Could not parse expression with acorn
FAIL commands\custom-commands\AJpKshiX\1RpokBz8.mdx
   Could not parse expression with acorn
FAIL commands\custom-commands\AJpKshiX\E0LXe2mU.mdx
   Could not parse expression with acorn
FAIL commands\custom-commands\AJpKshiX\NmSvtSD9.mdx
   Could not parse expression with acorn
FAIL commands\custom-commands\AJpKshiX\xmh22llq.mdx
   Could not parse expression with acorn
FAIL commands\custom-commands\AJpKshiX\ZroSsgwc.mdx
   Could not parse expression with acorn
FAIL commands\custom-commands\BRCuvdq6\EbHD1tde.mdx
   Could not parse expression with acorn
FAIL commands\custom-commands\CXxsV3PC\OTvDkNrq.mdx
   Could not parse expression with acorn
FAIL commands\custom-commands\DtZSARDl\5tWC4MKm.mdx
   Could not parse expression with acorn
FAIL commands\custom-commands\DtZSARDl\CslF41yY.mdx
   Could not parse expression with acorn
FAIL commands\custom-commands\fCsyT6ZR\3uMt0aD5.mdx
   Could not parse expression with acorn
FAIL commands\custom-commands\fCsyT6ZR\93pTknMz.mdx
   Could not parse expression with acorn
FAIL commands\custom-commands\fCsyT6ZR\a2SyFnYx.mdx
   Could not parse expression with acorn
FAIL commands\custom-commands\fCsyT6ZR\fykHH8BF.mdx
   Could not parse expression with acorn
FAIL commands\custom-commands\fCsyT6ZR\G9NysHiz.mdx
   Could not parse expression with acorn
FAIL commands\custom-commands\fCsyT6ZR\KrpR0fKW.mdx
   Could not parse expression with acorn
FAIL commands\custom-commands\fCsyT6ZR\Xrnilx4V.mdx
   Could not parse expression with acorn
FAIL commands\custom-commands\i7qgA3P8\HV5v03Jj.mdx
   Unexpected end of file in expression, expected a corresponding closing brace for `{`
FAIL commands\custom-commands\i7qgA3P8\TJJZrCLK.mdx
   Unexpected end of file in expression, expected a corresponding closing brace for `{`
FAIL commands\custom-commands\IPzFl8Q0\0xGRvE2m.mdx
   Could not parse expression with acorn
FAIL commands\custom-commands\IPzFl8Q0\3Nr9iiMP.mdx
   Could not parse expression with acorn
FAIL commands\custom-commands\IPzFl8Q0\7XMry8Dx.mdx
   Could not parse expression with acorn
FAIL commands\custom-commands\IPzFl8Q0\jUCJmUXi.mdx
   Could not parse expression with acorn
FAIL commands\custom-commands\IPzFl8Q0\kta5bckk.mdx
   Could not parse expression with acorn
FAIL commands\custom-commands\iv0QatqN\Na16OxEj.mdx
   Could not parse expression with acorn
FAIL commands\custom-commands\JB70O3jQ\3Ta87nKQ.mdx
   Could not parse expression with acorn
FAIL commands\custom-commands\JB70O3jQ\Akf2jkgL.mdx
   Could not parse expression with acorn
FAIL commands\custom-commands\JB70O3jQ\P1MuJvSd.mdx
   Could not parse expression with acorn
FAIL commands\custom-commands\JB70O3jQ\UJmNdwb2.mdx
   Could not parse expression with acorn
FAIL commands\custom-commands\lEaGzf0g\iJyRKuij.mdx
   Could not parse expression with acorn
FAIL commands\custom-commands\mgm31c66\guNPr5Cv.mdx
   Could not parse expression with acorn
FAIL commands\custom-commands\RVYmIry3\f3JRmioz.mdx
   Could not parse expression with acorn
FAIL commands\custom-commands\RVYmIry3\RQUL1NQp.mdx
   Unexpected end of file in expression, expected a corresponding closing brace for `{`
FAIL commands\custom-commands\ssmPSj2C\060m4REl.mdx
   Could not parse expression with acorn
FAIL commands\custom-commands\ssmPSj2C\3fOhmbgn.mdx
   Could not parse expression with acorn
FAIL commands\custom-commands\ssmPSj2C\7XnlnSzl.mdx
   Could not parse expression with acorn
FAIL commands\custom-commands\ssmPSj2C\fIpvcfQW.mdx
   Could not parse expression with acorn
FAIL commands\custom-commands\ssmPSj2C\hAmnTr97.mdx
   Could not parse expression with acorn
FAIL commands\custom-commands\ssmPSj2C\IdyRzlnH.mdx
   Could not parse expression with acorn
FAIL commands\custom-commands\ssmPSj2C\lJPSzlY4.mdx
   Could not parse expression with acorn
FAIL commands\custom-commands\ssmPSj2C\NubyHhET.mdx
   Could not parse expression with acorn
FAIL commands\custom-commands\ssmPSj2C\ssc8rjls.mdx
   Could not parse expression with acorn
FAIL commands\custom-commands\ssmPSj2C\VLYJVxno.mdx
   Could not parse expression with acorn
FAIL commands\custom-commands\STxtrDNr\q6U0BKgJ.mdx
   Could not parse expression with acorn
FAIL commands\custom-commands\UhnaM6xD\3VZLD65w.mdx
   Could not parse expression with acorn
FAIL commands\custom-commands\UhnaM6xD\pYaBHuLj.mdx
   Could not parse expression with acorn
FAIL commands\custom-commands\WPcIjSAQ\nLr7znmf.mdx
   Could not parse expression with acorn
FAIL commands\custom-commands\WUaZ9OD5\eTAzjVbn.mdx
   Could not parse expression with acorn
FAIL commands\custom-commands\WUaZ9OD5\iV8caEJu.mdx
   Could not parse expression with acorn
FAIL commands\custom-commands\WUaZ9OD5\IVDsV4cN.mdx
   Could not parse expression with acorn
FAIL commands\custom-commands\WUaZ9OD5\jNsAHHby.mdx
   Could not parse expression with acorn
FAIL commands\custom-commands\WUaZ9OD5\KqvDYa6T.mdx
   Could not parse expression with acorn
FAIL commands\custom-commands\WUaZ9OD5\vtiZ03Fc.mdx
   Could not parse expression with acorn
FAIL commands\custom-commands\WUaZ9OD5\WlmhJ68R.mdx
   Could not parse expression with acorn
FAIL commands\custom-commands\WUaZ9OD5\xL9VIbiL.mdx
   Could not parse expression with acorn
FAIL commands\custom-commands\X9y9hoGF\0gKLvvNr.mdx
   Unexpected end of file in expression, expected a corresponding closing brace for `{`
FAIL commands\custom-commands\X9y9hoGF\Fl8Ishew.mdx
   Could not parse expression with acorn
FAIL commands\custom-commands\X9y9hoGF\iMwO0GRS.mdx
   Could not parse expression with acorn
FAIL commands\custom-commands\X9y9hoGF\iUcfiNpp.mdx
   Could not parse expression with acorn
FAIL commands\custom-commands\X9y9hoGF\M4LBIscA.mdx
   Could not parse expression with acorn
FAIL commands\custom-commands\X9y9hoGF\NpdmEDtM.mdx
   Could not parse expression with acorn
FAIL commands\custom-commands\X9y9hoGF\uUMqtHyL.mdx
   Unexpected end of file in expression, expected a corresponding closing brace for `{`
FAIL commands\custom-commands\zVqFJbuW\zNevOgUo.mdx
   Could not parse expression with acorn
FAILURES=69
